// Jest Snapshot v1, https://goo.gl/fbAQLP

exports[`MaybeBoardDisplay rendering cards correctly 1`] = `
<div
  style={
    Object {
      "border": "solid black thin",
      "display": "flex",
      "flexWrap": "wrap",
      "height": "30vh",
      "overflow": "scroll",
      "width": "50vw",
    }
  }
>
  <div
    className="container"
  >
    <img
      alt="dummy"
      draggable={false}
      src="https://via.placeholder.com/300"
    />
    <button
      className="btn"
      name="add"
      onClick={[Function]}
    >
      Add To Decklist
    </button>
    <button
      className="btn2"
      name="other"
      onClick={[Function]}
    >
      Delete
    </button>
  </div>
</div>
`;
