// Jest Snapshot v1, https://goo.gl/fbAQLP

exports[`Navbar renders correctly 1`] = `
<div
  className="ui inverted segment"
>
  <div
    className="ui inverted secondary menu"
  >
    <a
      className="active item"
      onClick={[Function]}
    >
      Home
    </a>
    <a
      className="item"
      onClick={[Function]}
    >
      Decks
    </a>
    <a
      className="item"
      onClick={[Function]}
    >
      Friends
    </a>
  </div>
</div>
`;
