// Jest Snapshot v1, https://goo.gl/fbAQLP

exports[`DeckListEntry rendering correctly 1`] = `null`;

exports[`DeckListEntry rendering correctly with cards 1`] = `
Array [
  <div
    className="type_padding"
  >
    creature
  </div>,
  <div>
    <div
      className="flex alignment"
    >
      <div
        className="flex count"
      >
        x
        <button
          name="increment"
          onClick={[Function]}
        >
          +
        </button>
      </div>
      <div
        className="flex name"
      >
        thing in the ice
        <button
          name="decrement"
          onClick={[Function]}
        >
          -
        </button>
        <button
          name="maybe"
          onClick={[Function]}
        >
          maybe
        </button>
      </div>
    </div>
  </div>,
]
`;
